============================================================
  Generated by:           Genus(TM) Synthesis Solution 22.11-s104_1
  Generated on:           Nov 26 2025  09:41:12 pm
  Module:                 caliptra_top
  Library domain:         ss_100C_1v60.setup_cond
    Domain index:         0
    Technology libraries: sky130_ss_1.62_125 1.0
                          sram22_512x32m4w32 1.0
                          sram22_64x32m4w32 1.0
                          sram22_512x64m4w8 1.0
                          sram22_512x32m4w8 1.0
                          sram22_64x24m4w24 1.0
                          sram22_256x32m4w8 1.0
                          sram22_64x4m4w2 1.0
                          sram22_2048x32m8w8 1.0
                          sram22_1024x32m8w32 1.0
                          sram22_1024x32m8w8 1.0
                          sram22_64x32m4w8 1.0
  Operating conditions:   ss_1.62_125 
  Interconnect mode:      global
  Area mode:              physical library
============================================================

Timing
--------

     Analysis view      Clock  Period 
--------------------------------------
ss_100C_1v60.setup_view clk   20000.0 


        Analysis          Cost   Critical            Violating 
          View           Group  Path Slack    TNS      Paths   
---------------------------------------------------------------
ss_100C_1v60.setup_view     clk     -284.7 -22946.0        150 
                        default   No paths      0.0          0 
---------------------------------------------------------------
Total                                      -22946.0        150 
                                                               

Instance Count
--------------
Leaf Instance Count             1100797 
Physical Instance count               0 
Sequential Instance Count        169366 
Combinational Instance Count     931431 
Hierarchical Instance Count        8574 

Area
----
Cell Area                          17465684.720
Physical Cell Area                 0.000
Total Cell Area (Cell+Physical)    17465684.720
Net Area                           24807780.433
Total Area (Cell+Physical+Net)     42273465.153

Runtime                            5010.461891 seconds
Elapsed Runtime                    8114 seconds
Genus peak memory usage            7679.45 
Innovus peak memory usage          no_value 
Hostname                           eda-4.EECS.Berkeley.EDU
