============================================================
  Generated by:           Genus(TM) Synthesis Solution 22.11-s104_1
  Generated on:           Dec 05 2025  08:14:42 pm
  Module:                 caliptra_top
  Library domain:         ss_100C_1v60.setup_cond
    Domain index:         0
    Technology libraries: sky130_ss_1.62_125 1.0
                          sram22_512x32m4w32 1.0
                          sram22_64x32m4w32 1.0
                          sram22_512x64m4w8 1.0
                          sram22_512x32m4w8 1.0
                          sram22_64x24m4w24 1.0
                          sram22_256x32m4w8 1.0
                          sram22_64x4m4w2 1.0
                          sram22_2048x32m8w8 1.0
                          sram22_1024x32m8w32 1.0
                          sram22_1024x32m8w8 1.0
                          sram22_64x32m4w8 1.0
  Operating conditions:   ss_1.62_125 
  Interconnect mode:      global
  Area mode:              physical library
============================================================

                                      Leakage                         Library 
   Gate    Instances      Area      Power (nW)         Library         Domain 
------------------------------------------------------------------------------
ADDFX1         43419   1405681.441    79469.178    sky130_ss_1.62_125       0 
ADDHX1         13316    278948.894    37415.605    sky130_ss_1.62_125       0 
AND2X1         30724    292553.928    23364.946    sky130_ss_1.62_125       0 
AND2X2          7017     66815.874     7653.790    sky130_ss_1.62_125       0 
AND3X1            42       559.894      154.781    sky130_ss_1.62_125       0 
AND3X2          4760     54389.664     7590.767    sky130_ss_1.62_125       0 
AND4X1          4975     66320.730    18108.289    sky130_ss_1.62_125       0 
AND4X2           297      3959.248      739.395    sky130_ss_1.62_125       0 
AOI211X1        3484     39809.578      340.761    sky130_ss_1.62_125       0 
AOI211X2          48       914.112       18.772    sky130_ss_1.62_125       0 
AOI21X1        18298    174233.556     2184.355    sky130_ss_1.62_125       0 
AOI21X2          312      4753.382       93.144    sky130_ss_1.62_125       0 
AOI221X1       22122    294903.958     1474.973    sky130_ss_1.62_125       0 
AOI221X2         298      7377.646      197.693    sky130_ss_1.62_125       0 
AOI222X1       21402    366821.719     1457.437    sky130_ss_1.62_125       0 
AOI222X2         260      7427.160       41.717    sky130_ss_1.62_125       0 
AOI22X1       188342   2152071.029    13822.544    sky130_ss_1.62_125       0 
AOI22X2         4124     78537.456      127.459    sky130_ss_1.62_125       0 
BUFX16          4066    154865.808    25562.117    sky130_ss_1.62_125       0 
BUFX2           6914     65835.108     8389.638    sky130_ss_1.62_125       0 
BUFX4           8805    100609.452    12224.138    sky130_ss_1.62_125       0 
BUFX8            370      7750.908      818.111    sky130_ss_1.62_125       0 
CLKAND2X2     109055   1038421.710   117238.481    sky130_ss_1.62_125       0 
CLKBUFX2         152      1447.344      174.957    sky130_ss_1.62_125       0 
CLKBUFX4         181      2068.178      288.396    sky130_ss_1.62_125       0 
CLKBUFX8        1953     40912.225     5015.932    sky130_ss_1.62_125       0 
CLKINVX1       65674    375208.697    17564.610    sky130_ss_1.62_125       0 
CLKINVX2       51193    292475.848    20544.412    sky130_ss_1.62_125       0 
CLKINVX4        4953     47162.466     5751.473    sky130_ss_1.62_125       0 
CLKINVX8        8293    142138.703    17357.347    sky130_ss_1.62_125       0 
CLKMX2X2        4000     60940.800     8640.613    sky130_ss_1.62_125       0 
CLKXOR2X1      98944   1319002.675   236089.069    sky130_ss_1.62_125       0 
DFFRX1        340336  12962717.568  2391330.124    sky130_ss_1.62_125       0 
DFFRX4         38782   1994123.902   300993.333    sky130_ss_1.62_125       0 
DFFSRX1           14       666.540      146.081    sky130_ss_1.62_125       0 
DFFSRX4           10       609.408      105.694    sky130_ss_1.62_125       0 
DFFSX1           577     21976.776     4304.055    sky130_ss_1.62_125       0 
DFFSX4           179      9203.965     1646.024    sky130_ss_1.62_125       0 
DFFX1           4542    155696.126    31623.448    sky130_ss_1.62_125       0 
DLY1X4            18       342.792       44.691    sky130_ss_1.62_125       0 
DLY2X4             1        28.566        4.071    sky130_ss_1.62_125       0 
INVX1             48       274.234        3.742    sky130_ss_1.62_125       0 
INVX16          3802    123088.990    16637.055    sky130_ss_1.62_125       0 
INVX2          36730    209845.836    18443.741    sky130_ss_1.62_125       0 
INVX4           1935     18425.070     1509.191    sky130_ss_1.62_125       0 
INVX8           1066     18270.814     2697.548    sky130_ss_1.62_125       0 
MX2X1         124565   1897772.688   210260.739    sky130_ss_1.62_125       0 
MX2X4            149      2837.556      451.846    sky130_ss_1.62_125       0 
MX4X1             61      1858.694      285.847    sky130_ss_1.62_125       0 
NAND2X1       101439    772721.726    28877.614    sky130_ss_1.62_125       0 
NAND2X2        59344    565073.568    14844.455    sky130_ss_1.62_125       0 
NAND2X4         9777    167573.869    15698.800    sky130_ss_1.62_125       0 
NAND3X1         9269     88259.418     9816.206    sky130_ss_1.62_125       0 
NAND3X2          420      6398.784      634.971    sky130_ss_1.62_125       0 
NAND3X4          175      4665.780      411.083    sky130_ss_1.62_125       0 
NAND4X1        26117    298423.289    46560.831    sky130_ss_1.62_125       0 
NAND4X2          261      4970.484      725.118    sky130_ss_1.62_125       0 
NAND4X4           58      1988.194      242.854    sky130_ss_1.62_125       0 
NOR2X1        249232   1898549.683    14262.144    sky130_ss_1.62_125       0 
NOR2X2          3610     41249.304      820.907    sky130_ss_1.62_125       0 
NOR2X4          1045     17910.882      708.026    sky130_ss_1.62_125       0 
NOR3X1          3222     30679.884      319.487    sky130_ss_1.62_125       0 
NOR3X2           373      5682.730       72.554    sky130_ss_1.62_125       0 
NOR3X4           105      2799.468       56.183    sky130_ss_1.62_125       0 
NOR4X1          5004     57177.706      304.002    sky130_ss_1.62_125       0 
NOR4X2           117      2228.148       20.702    sky130_ss_1.62_125       0 
NOR4X4            21       719.863        6.405    sky130_ss_1.62_125       0 
OAI211X1        6677     76294.073     4712.103    sky130_ss_1.62_125       0 
OAI211X2          69      1314.036      114.285    sky130_ss_1.62_125       0 
OAI21X1        28715    273424.230    12451.613    sky130_ss_1.62_125       0 
OAI21X2        39985    609179.472    49080.771    sky130_ss_1.62_125       0 
OAI221X1       10319    137560.525     5993.472    sky130_ss_1.62_125       0 
OAI221X2          62      1533.093       69.781    sky130_ss_1.62_125       0 
OAI222X1        4547     69274.454     1550.081    sky130_ss_1.62_125       0 
OAI222X2           8       228.528        7.615    sky130_ss_1.62_125       0 
OAI22X1        25854    295418.146     3768.511    sky130_ss_1.62_125       0 
OAI22X2          148      2818.512      128.912    sky130_ss_1.62_125       0 
OR2X1          20047    190887.534    18398.362    sky130_ss_1.62_125       0 
OR2X2           3051     29051.622     3010.058    sky130_ss_1.62_125       0 
OR3X1           1611     18407.930      973.686    sky130_ss_1.62_125       0 
OR3X2            214      2445.250      177.461    sky130_ss_1.62_125       0 
OR4X1           2562     34153.510     1261.763    sky130_ss_1.62_125       0 
OR4X2            182      2426.206      128.734    sky130_ss_1.62_125       0 
SDFFRX1        31198   1485336.780   271588.473    sky130_ss_1.62_125       0 
SDFFRX4          726     44243.021     7990.173    sky130_ss_1.62_125       0 
SDFFSRX4           1        72.367       12.660    sky130_ss_1.62_125       0 
SDFFSX1           68      3237.480      590.572    sky130_ss_1.62_125       0 
SDFFSX4           17      1003.619      177.162    sky130_ss_1.62_125       0 
SDFFX1          1048     45903.658     8920.467    sky130_ss_1.62_125       0 
TLATSRX1           4       144.734       30.305    sky130_ss_1.62_125       0 
TLATX1           985     28137.510     4042.966    sky130_ss_1.62_125       0 
XNOR2X1        10551    160746.595    31860.962    sky130_ss_1.62_125       0 
XNOR2X2          880     13406.976     3149.197    sky130_ss_1.62_125       0 
XNOR2X4          123      2810.894      137.697    sky130_ss_1.62_125       0 
XOR2X1            69      1051.229      188.722    sky130_ss_1.62_125       0 
XOR2X2            85      1294.992      269.151    sky130_ss_1.62_125       0 
XOR2X4            79      1805.371      182.737    sky130_ss_1.62_125       0 
------------------------------------------------------------------------------
total        1940082  33863343.840  4215752.926                       


                                               Leakage   Leakage 
     Type      Instances     Area     Area %  Power (nW) Power % 
-----------------------------------------------------------------
sequential        418487 16753073.454   49.5 3023501.537    71.7 
inverter          173694  1226890.656    3.6  100509.120     2.4 
buffer             22460   373860.382    1.1   52522.052     1.2 
logic            1325441 15509519.349   45.8 1039220.217    24.7 
physical_cells         0        0.000    0.0       0.000     0.0 
-----------------------------------------------------------------
total            1940082 33863343.840  100.0 4215752.926   100.0 

